
ASEM-51 V1.3                                         Copyright (c) 2002 by W.W. Heinz                                         PAGE 1





       MCS-51 Family Macro Assembler   A S E M - 5 1   V 1.3
       =====================================================



	Source File:	C:\Users\User\OneDrive\เอกสาร\microl\MicroLabFinal-main\01 S\S3\ASM_Dot8x8\Dot8X8.Asm
	Object File:	C:\Users\User\OneDrive\เอกสาร\microl\MicroLabFinal-main\01 S\S3\ASM_Dot8x8\Dot8X8.hex
	List File:	C:\Users\User\OneDrive\เอกสาร\microl\MicroLabFinal-main\01 S\S3\ASM_Dot8x8\Dot8X8.lst



 Line  I  Addr  Code            Source

    1:
    2:		N      00C8	T2CON		EQU	0C8H
    3:		N      00CA	RCAP2L		EQU	0CAH
    4:		N      00CB	RCAP2H		EQU	0CBH
    5:		B      0090	SW0		EQU	P1.0
    6:		B      0091	SW1		EQU	P1.1
    7:		B      0092	SW2		EQU	P1.2
    8:		B      0093	SW3		EQU	P1.3
    9:
   10:		N      0020	DataBuffer	EQU	20H	;8Byte Buffer
   11:
   12:		B      00B4	MxBoard_DIN	EQU	P3.4
   13:		B      00B3	MxBoard_CS	EQU	P3.3
   14:		B      00B2	MxBoard_CLK	EQU	P3.2
   15:
   16:		B      00B7	PortO_LEDGreen	EQU	P3.7
   17:
   18:		N      0000			ORG	0000H
   19:	  0000	21 00				JMP	0100H
   20:
   21:		N      0100			ORG	0100H
   22:	  0100	75 81 3F			MOV	SP,#3FH
   23:	  0103	C2 AF				CLR	EA
   24:	  0105	12 01 55			CALL	Delay_250M
   25:	  0108	12 02 54			CALL	Initial_Max7219
   26:
   27:	  010B			Main_Loop:
   28:	  010B	30 90 0B			JNB	SW0,SWB0
   29:	  010E	30 91 10			JNB	SW1,SWB1
   30:	  0111	30 92 15			JNB	SW2,SWB2
   31:	  0114	30 93 1A			JNB	SW3,SWB3
   32:
   33:	  0117	80 F2				JMP	Main_Loop
   34:
   35:	  0119			SWB0:
   36:	  0119	90 03 14			MOV	DPTR,#EM0
   37:	  011C	12 02 00			CALL	Send_2_Dot
   38:	  011F	80 EA				JMP	Main_Loop
   39:	  0121			SWB1:
   40:	  0121	90 03 1C			MOV	DPTR,#EM1
   41:	  0124	12 02 00			CALL	Send_2_Dot
   42:	  0127	80 E2				JMP	Main_Loop
   43:	  0129			SWB2:

ASEM-51 V1.3                                         Copyright (c) 2002 by W.W. Heinz                                         PAGE 2



 Line  I  Addr  Code            Source

   44:	  0129	90 03 24			MOV	DPTR,#EM2
   45:	  012C	12 02 00			CALL	Send_2_Dot
   46:	  012F	80 DA				JMP	Main_Loop
   47:	  0131			SWB3:
   48:	  0131	90 03 2C			MOV	DPTR,#EM3
   49:	  0134	12 02 00			CALL	Send_2_Dot
   50:	  0137	80 D2				JMP	Main_Loop
   51:
   52:				$INCLUDE (myDelay.A51)
   53: 1
   54: 1			;############################################
   55: 1			;#************************************************
   56: 1			;#      All Delay for XTAL 18.432MHz 12Clk/MC
   57: 1			;#************************************************
   58: 1  0139	C0 07		DELAY_4SEC:	PUSH	07H	; Delay 80*50MilliSec
   59: 1  013B	7F 50				MOV	R7,#80	;  = 4000MilliSec
   60: 1  013D	02 01 6A			JMP	_DELAY_50M
   61: 1
   62: 1  0140	C0 07		DELAY_2SEC:	PUSH	07H	; Delay 40*50MilliSec
   63: 1  0142	7F 28				MOV	R7,#40	;  = 2000MilliSec
   64: 1  0144	02 01 6A			JMP	_DELAY_50M
   65: 1
   66: 1  0147	C0 07		DELAY_1SEC:	PUSH	07H	; Delay 20*50MilliSec
   67: 1  0149	7F 14				MOV	R7,#20	;  = 1000MilliSec
   68: 1  014B	02 01 6A			JMP	_DELAY_50M
   69: 1
   70: 1  014E	C0 07		DELAY_500M:	PUSH	07H	; Delay 10*50MilliSec
   71: 1  0150	7F 0A				MOV	R7,#10	;  = 500MilliSec
   72: 1  0152	02 01 6A			JMP	_DELAY_50M
   73: 1
   74: 1  0155	C0 07		DELAY_250M:	PUSH	07H	; Delay 5*50 MilliSec
   75: 1  0157	7F 05				MOV	R7,#5	;  = 250 MilliSec
   76: 1  0159	02 01 6A			JMP	_DELAY_50M
   77: 1
   78: 1  015C	C0 07		DELAY_100M:	PUSH	07H	; Delay 2*50 MilliSec
   79: 1  015E	7F 02				MOV	R7,#2	;  = 100 MilliSec
   80: 1  0160	02 01 6A			JMP	_DELAY_50M
   81: 1
   82: 1  0163	C0 07		DELAY_50M:	PUSH	07H	; Delay 1*50 MilliSec
   83: 1  0165	7F 01				MOV	R7,#1	;  = 50 MilliSec
   84: 1  0167	02 01 6A			JMP	_DELAY_50M
   85: 1
   86: 1
   87: 1  016A	C0 E0		_DELAY_50M:	PUSH	Acc
   88: 1  016C	C0 F0				PUSH	B
   89: 1  016E	75 F0 C8	_DELAY_050M:	MOV	B,#200	; Delay 50 MilliSec
   90: 1  0171	74 72		_DELAY_250U:	MOV	A,#114	; 1MC ,250 uSec
   91: 1  0173	D5 E0 FD			DJNZ	Acc,$	; 2MC ,(192-1)*0.651*2 = 250 uSec
   92: 1  0176	D5 F0 F8			DJNZ	B,_DELAY_250U 	; 250*200=50mS
   93: 1  0179	DF F3				DJNZ	R7,_DELAY_050M	; 50*5 =250mS
   94: 1  017B	D0 F0				POP	B
   95: 1  017D	D0 E0				POP	Acc
   96: 1  017F	D0 07				POP	07H
   97: 1  0181	22				RET
   98:				$INCLUDE (mySerial.A51)
   99: 1

ASEM-51 V1.3                                         Copyright (c) 2002 by W.W. Heinz                                         PAGE 3



 Line  I  Addr  Code            Source

  100: 1			;============  Initial Serial Port   ============
  101: 1  0182	75 89 21	Initial_Serial:	MOV	TMOD,#00100001B	; T1M2 T0M1
  102: 1  0185	75 98 50			MOV	SCON,#01010000B	; Serial Mode1
  103: 1  0188	75 8D FD			MOV	TH1,#-3	; 9600 FDH@18.432MHz
  104: 1  018B	74 00				MOV	A,#00H 	; FBH@18.432MHz
  105: 1  018D	F5 87				MOV	PCON,A	; SMOD = 0
  106: 1  018F	C2 AF				CLR	EA	; Disable All
  107: 1  0191	D2 8E				SETB	TR1	; Start Timer1
  108: 1  0193	22				RET
  109: 1
  110: 1			;==========  Send Data to Serial Port   ==========
  111: 1  0194	C0 E0		SEND_2HEX:	PUSH	Acc
  112: 1  0196	C4				SWAP	A
  113: 1  0197	12 01 9C			CALL	SEND_1HEX
  114: 1  019A	D0 E0				POP	Acc
  115: 1  019C	C0 83		SEND_1HEX:	PUSH	DPH
  116: 1  019E	C0 82				PUSH	DPL
  117: 1  01A0	90 01 BA			MOV	DPTR,#HEXASC_TAB
  118: 1  01A3	54 0F				ANL	A,#0FH
  119: 1  01A5	93				MOVC	A,@A+DPTR
  120: 1  01A6	D0 82				POP	DPL
  121: 1  01A8	D0 83				POP	DPH
  122: 1  01AA	C0 A8		SEND_ASCII:	PUSH	IE
  123: 1  01AC	C2 AC				CLR	ES
  124: 1  01AE	C2 99				CLR    	TI
  125: 1  01B0	F5 99				MOV    	SBUF,A
  126: 1  01B2	30 99 FD			JNB    	TI,$
  127: 1  01B5	C2 99				CLR    	TI
  128: 1  01B7	D0 A8				POP	IE
  129: 1  01B9	22				RET
  130: 1  01BA	30 31 32 33	HEXASC_TAB: 	DB	'0123456789ABCDEF'
       1  01BE	34 35 36 37
       1  01C2	38 39 41 42
       1  01C6	43 44 45 46
  131: 1
  132: 1			;=========   Send Line Feed =================
  133: 1  01CA	74 0D		Send_LineFeed:	MOV	A,#0DH
  134: 1  01CC	31 AA				CALL	Send_ASCII
  135: 1  01CE	74 0A				MOV	A,#0AH
  136: 1  01D0	31 AA				CALL	Send_ASCII
  137: 1  01D2	22				RET
  138: 1
  139: 1			;========  Send Line Feed ==================
  140: 1  01D3	74 0C		Send_ClrScr:	MOV	A,#0CH
  141: 1  01D5	31 AA				CALL	Send_ASCII
  142: 1  01D7	22				RET
  143: 1
  144: 1			;== Send Data Table to Serial Start@DPTR to '00H' =
  145: 1  01D8	E4		Send_Table:	CLR	A
  146: 1  01D9	93				MOVC	A,@A+DPTR
  147: 1  01DA	60 05				JZ	_X_Send_Tab
  148: 1  01DC	31 AA				CALL	SEND_ASCII
  149: 1  01DE	A3				INC	DPTR
  150: 1  01DF	80 F7				JMP	Send_Table
  151: 1  01E1	22		_X_Send_Tab:	RET
  152: 1

ASEM-51 V1.3                                         Copyright (c) 2002 by W.W. Heinz                                         PAGE 4



 Line  I  Addr  Code            Source

  153: 1			;========= Send 1-Byte@Acc to SERIAL =========
  154: 1  01E2	C0 A8		TX_BYTE:	PUSH	IE
  155: 1  01E4	C2 AC				CLR	ES
  156: 1  01E6	C2 99				CLR	TI
  157: 1  01E8	F5 99				MOV	SBUF,A
  158: 1  01EA	30 99 FD			JNB	TI,$
  159: 1  01ED	C2 99				CLR	TI
  160: 1  01EF	D0 A8				POP	IE
  161: 1  01F1	22				RET
  162: 1
  163: 1			;====== Receive Data From SERIAL to Acc ========
  164: 1  01F2	C0 A8		RX_BYTE:	PUSH	IE
  165: 1  01F4	C2 AC				CLR	ES
  166: 1  01F6	30 98 FD			JNB	RI,$	; Wait data
  167: 1  01F9	C2 98				CLR	RI
  168: 1  01FB	E5 99				MOV	A,SBUF
  169: 1  01FD	D0 A8				POP	IE
  170: 1  01FF	22				RET
  171:				$INCLUDE (myMaxDot.A51)
  172: 1
  173: 1  0200			Send_2_Dot:
  174: 1  0200	78 21			MOV	R0,#DataBuffer+1
  175: 1  0202	7F 08			MOV	R7,#8
  176: 1  0204			_ReadBuffer:
  177: 1  0204	E4			CLR	A
  178: 1  0205	93			MOVC	A,@A+DPTR
  179: 1  0206	F6			MOV	@R0,A
  180: 1  0207	08			INC	R0
  181: 1  0208	A3			INC	DPTR
  182: 1  0209	DF F9			DJNZ	R7,_ReadBuffer
  183: 1
  184: 1  020B			_Send_2_Max7219:
  185: 1  020B	75 83 01		MOV	DPH,#1
  186: 1  020E	85 21 82		MOV	DPL,DataBuffer+1
  187: 1  0211	12 02 83		CALL	Send_DPTR2MAX7219
  188: 1  0214	75 83 02		MOV	DPH,#2
  189: 1  0217	85 22 82		MOV	DPL,DataBuffer+2
  190: 1  021A	12 02 83		CALL	Send_DPTR2MAX7219
  191: 1  021D	75 83 03		MOV	DPH,#3
  192: 1  0220	85 23 82		MOV	DPL,DataBuffer+3
  193: 1  0223	12 02 83		CALL	Send_DPTR2MAX7219
  194: 1  0226	75 83 04		MOV	DPH,#4
  195: 1  0229	85 24 82		MOV	DPL,DataBuffer+4
  196: 1  022C	12 02 83		CALL	Send_DPTR2MAX7219
  197: 1
  198: 1  022F	75 83 05		MOV	DPH,#5
  199: 1  0232	85 25 82		MOV	DPL,DataBuffer+5
  200: 1  0235	12 02 83		CALL	Send_DPTR2MAX7219
  201: 1  0238	75 83 06		MOV	DPH,#6
  202: 1  023B	85 26 82		MOV	DPL,DataBuffer+6
  203: 1  023E	12 02 83		CALL	Send_DPTR2MAX7219
  204: 1  0241	75 83 07		MOV	DPH,#7
  205: 1  0244	85 27 82		MOV	DPL,DataBuffer+7
  206: 1  0247	12 02 83		CALL	Send_DPTR2MAX7219
  207: 1  024A	75 83 08		MOV	DPH,#8
  208: 1  024D	85 28 82		MOV	DPL,DataBuffer+8

ASEM-51 V1.3                                         Copyright (c) 2002 by W.W. Heinz                                         PAGE 5



 Line  I  Addr  Code            Source

  209: 1  0250	12 02 83		CALL	Send_DPTR2MAX7219
  210: 1
  211: 1  0253	22			RET
  212: 1
  213: 1
  214: 1  0254			Initial_Max7219:
  215: 1  0254	90 0B 07		MOV	DPTR,#0B07H; // B=Scan {0-7 Position}
  216: 1  0257	12 02 83		CALL	Send_DPTR2MAX7219
  217: 1  025A	90 09 00		MOV	DPTR,#0900H; // 9=Mode {00=NoCode,ff=code}
  218: 1  025D	12 02 83	       	CALL	Send_DPTR2MAX7219
  219: 1  0260	90 0F 00		MOV	DPTR,#0F00H; // F=Test {0,1}
  220: 1  0263	12 02 83	       	CALL	Send_DPTR2MAX7219
  221: 1  0266	90 0A 08		MOV	DPTR,#0A08H; // A=Intensity = 8/15
  222: 1  0269	12 02 83	       	CALL	Send_DPTR2MAX7219
  223: 1  026C	90 0C 01		MOV	DPTR,#0C01H; // c=shutdown {0,1}
  224: 1  026F	12 02 83	        CALL	Send_DPTR2MAX7219
  225: 1  0272	22			RET
  226: 1
  227: 1  0273			MAX7219_Display_Test:
  228: 1  0273	90 0F 01		MOV	DPTR,#0F01H		;0F01 : Display Test
  229: 1  0276	12 02 83		CALL	Send_DPTR2MAX7219
  230: 1  0279	12 03 06		CALL	myDelay
  231: 1  027C	90 0F 00		MOV	DPTR,#0F00H		;0F00 : Display Normal
  232: 1  027F	12 02 83		CALL	Send_DPTR2MAX7219
  233: 1  0282	22			RET
  234: 1
  235: 1  0283			Send_DPTR2MAX7219:
  236: 1  0283	D2 B4			SETB	MxBoard_DIN
  237: 1  0285	D2 B2			SETB	MxBoard_CLK
  238: 1  0287	C2 B3			CLR	MxBoard_CS
  239: 1  0289	00 00 00 00		DB	0,0,0,0,0,0,0,0,0,0,0,0
       1  028D	00 00 00 00
       1  0291	00 00 00 00
  240: 1  0295	00 00 00 00		DB	0,0,0,0,0,0,0,0,0,0,0,0
       1  0299	00 00 00 00
       1  029D	00 00 00 00
  241: 1  02A1	E5 83			MOV	A,DPH
  242: 1  02A3	12 02 CA		CALL	_Send_DPTR2MAX7219_8Bit
  243: 1  02A6	E5 82			MOV	A,DPL
  244: 1  02A8	12 02 CA		CALL	_Send_DPTR2MAX7219_8Bit
  245: 1  02AB	00 00 00 00		DB	0,0,0,0,0,0,0,0,0,0,0,0
       1  02AF	00 00 00 00
       1  02B3	00 00 00 00
  246: 1  02B7	00 00 00 00		DB	0,0,0,0,0,0,0,0,0,0,0,0
       1  02BB	00 00 00 00
       1  02BF	00 00 00 00
  247: 1  02C3	D2 B4			SETB	MxBoard_DIN
  248: 1  02C5	D2 B2			SETB	MxBoard_CLK
  249: 1  02C7	D2 B3			SETB	MxBoard_CS
  250: 1  02C9	22			RET
  251: 1
  252: 1  02CA			_Send_DPTR2MAX7219_8Bit:
  253: 1  02CA	7F 08			MOV	R7,#8
  254: 1  02CC			_ShiftBit_DPTR2MAX7219:
  255: 1  02CC	33			RLC	A
  256: 1  02CD	92 B4			MOV	MxBoard_DIN,C

ASEM-51 V1.3                                         Copyright (c) 2002 by W.W. Heinz                                         PAGE 6



 Line  I  Addr  Code            Source

  257: 1  02CF	00 00 00 00		DB	0,0,0,0,0,0,0,0,0,0,0,0
       1  02D3	00 00 00 00
       1  02D7	00 00 00 00
  258: 1  02DB	00 00 00 00		DB	0,0,0,0,0,0,0,0,0,0,0,0
       1  02DF	00 00 00 00
       1  02E3	00 00 00 00
  259: 1  02E7	C2 B2			CLR	MxBoard_CLK
  260: 1  02E9	00 00 00 00		DB	0,0,0,0,0,0,0,0,0,0,0,0
       1  02ED	00 00 00 00
       1  02F1	00 00 00 00
  261: 1  02F5	00 00 00 00		DB	0,0,0,0,0,0,0,0,0,0,0,0
       1  02F9	00 00 00 00
       1  02FD	00 00 00 00
  262: 1  0301	D2 B2			SETB	MxBoard_CLK
  263: 1  0303	DF C7			DJNZ	R7,_ShiftBit_DPTR2MAX7219
  264: 1  0305	22			RET
  265: 1
  266: 1  0306	E4		myDelay:CLR	A
  267: 1  0307	F5 F0			MOV	B,A
  268: 1  0309	7F 05			MOV	R7,#5
  269: 1  030B	D5 E0 FD	_DLY00:	DJNZ	Acc,_DLY00
  270: 1  030E	D5 F0 FA		DJNZ	B,_DLY00
  271: 1  0311	DF F8			DJNZ	R7,_DLY00
  272: 1  0313	22			RET
  273:
  274:	  0314	3C 42 A5 81	EM0:		DB	03CH,042H,0A5H,081H,0A5H,099H,042H,03CH
	  0318	A5 99 42 3C
  275:	  031C	3C 42 A5 81	EM1:		DB	03CH,042H,0A5H,081H,0BDH,081H,042H,03CH
	  0320	BD 81 42 3C
  276:	  0324	3C 42 A5 81	EM2:		DB	03CH,042H,0A5H,081H,099H,0A5H,042H,03CH
	  0328	99 A5 42 3C
  277:	  032C	3C 42 A5 81	EM3:		DB	03CH,042H,0A5H,081H,099H,099H,042H,03CH
	  0330	99 99 42 3C
  278:
  279:						END





                     register banks used:  ---

                     no errors




ASEM-51 V1.3                                         Copyright (c) 2002 by W.W. Heinz                                         PAGE 7





	       L I S T   O F   S Y M B O L S
	       =============================


SYMBOL				  TYPE     VALUE	LINE
------------------------------------------------------------
??ASEM_51			  NUMBER    8051
??VERSION			  NUMBER    0130
AC				  BIT	      D6
ACC				  DATA	      E0
B				  DATA	      F0
CY				  BIT	      D7
DATABUFFER			  NUMBER    0020	  10
DELAY_100M			  CODE	    015C	  78
DELAY_1SEC			  CODE	    0147	  66
DELAY_250M			  CODE	    0155	  74
DELAY_2SEC			  CODE	    0140	  62
DELAY_4SEC			  CODE	    0139	  58
DELAY_500M			  CODE	    014E	  70
DELAY_50M			  CODE	    0163	  82
DPH				  DATA	      83
DPL				  DATA	      82
EA				  BIT	      AF
EM0				  CODE	    0314	 274
EM1				  CODE	    031C	 275
EM2				  CODE	    0324	 276
EM3				  CODE	    032C	 277
ES				  BIT	      AC
ET0				  BIT	      A9
ET1				  BIT	      AB
EX0				  BIT	      A8
EX1				  BIT	      AA
EXTI0				  CODE	    0003
EXTI1				  CODE	    0013
F0				  BIT	      D5
HEXASC_TAB			  CODE	    01BA	 130
IE				  DATA	      A8
IE0				  BIT	      89
IE1				  BIT	      8B
INITIAL_MAX7219			  CODE	    0254	 214
INITIAL_SERIAL			  CODE	    0182	 101
INT0				  BIT	      B2
INT1				  BIT	      B3
IP				  DATA	      B8
IT0				  BIT	      88
IT1				  BIT	      8A
MAIN_LOOP			  CODE	    010B	  27
MAX7219_DISPLAY_TEST		  CODE	    0273	 227
MXBOARD_CLK			  NUMBER    00B2	  14
MXBOARD_CS			  NUMBER    00B3	  13
MXBOARD_DIN			  NUMBER    00B4	  12
MYDELAY				  CODE	    0306	 266
OV				  BIT	      D2
P				  BIT	      D0
P0				  DATA	      80
P1				  DATA	      90

ASEM-51 V1.3                                         Copyright (c) 2002 by W.W. Heinz                                         PAGE 8



SYMBOL				  TYPE     VALUE	LINE
------------------------------------------------------------
P2				  DATA	      A0
P3				  DATA	      B0
PCON				  DATA	      87
PORTO_LEDGREEN			  NUMBER    00B7	  16
PS				  BIT	      BC
PSW				  DATA	      D0
PT0				  BIT	      B9
PT1				  BIT	      BB
PX0				  BIT	      B8
PX1				  BIT	      BA
RB8				  BIT	      9A
RCAP2H				  NUMBER    00CB	   4
RCAP2L				  NUMBER    00CA	   3
RD				  BIT	      B7
REN				  BIT	      9C
RESET				  CODE	    0000
RI				  BIT	      98
RS0				  BIT	      D3
RS1				  BIT	      D4
RXD				  BIT	      B0
RX_BYTE				  CODE	    01F2	 164
SBUF				  DATA	      99
SCON				  DATA	      98
SEND_1HEX			  CODE	    019C	 115
SEND_2HEX			  CODE	    0194	 111
SEND_2_DOT			  CODE	    0200	 173
SEND_ASCII			  CODE	    01AA	 122
SEND_CLRSCR			  CODE	    01D3	 140
SEND_DPTR2MAX7219		  CODE	    0283	 235
SEND_LINEFEED			  CODE	    01CA	 133
SEND_TABLE			  CODE	    01D8	 145
SINT				  CODE	    0023
SM0				  BIT	      9F
SM1				  BIT	      9E
SM2				  BIT	      9D
SP				  DATA	      81
SW0				  NUMBER    0090	   5
SW1				  NUMBER    0091	   6
SW2				  NUMBER    0092	   7
SW3				  NUMBER    0093	   8
SWB0				  CODE	    0119	  35
SWB1				  CODE	    0121	  39
SWB2				  CODE	    0129	  43
SWB3				  CODE	    0131	  47
T0				  BIT	      B4
T1				  BIT	      B5
T2CON				  NUMBER    00C8	   2
TB8				  BIT	      9B
TCON				  DATA	      88
TF0				  BIT	      8D
TF1				  BIT	      8F
TH0				  DATA	      8C
TH1				  DATA	      8D
TI				  BIT	      99
TIMER0				  CODE	    000B
TIMER1				  CODE	    001B

ASEM-51 V1.3                                         Copyright (c) 2002 by W.W. Heinz                                         PAGE 9



SYMBOL				  TYPE     VALUE	LINE
------------------------------------------------------------
TL0				  DATA	      8A
TL1				  DATA	      8B
TMOD				  DATA	      89
TR0				  BIT	      8C
TR1				  BIT	      8E
TXD				  BIT	      B1
TX_BYTE				  CODE	    01E2	 154
WR				  BIT	      B6
_DELAY_050M			  CODE	    016E	  89
_DELAY_250U			  CODE	    0171	  90
_DELAY_50M			  CODE	    016A	  87
_DLY00				  CODE	    030B	 269
_READBUFFER			  CODE	    0204	 176
_SEND_2_MAX7219			  CODE	    020B	 184
_SEND_DPTR2MAX7219_8BIT		  CODE	    02CA	 252
_SHIFTBIT_DPTR2MAX7219		  CODE	    02CC	 254
_X_SEND_TAB			  CODE	    01E1	 151
